[SPX] Starting
[SPX] Trading 2 products: GPU Router
[SPX] Created FIFO /tmp/spx_exchange_0
[SPX] Created FIFO /tmp/spx_trader_0
[SPX] Connected to /tmp/spx_exchange_0
[SPX] Connected to /tmp/spx_trader_0
[SPX] Created FIFO /tmp/spx_exchange_1
[SPX] Created FIFO /tmp/spx_trader_1
[SPX] Connected to /tmp/spx_exchange_1
[SPX] Connected to /tmp/spx_trader_1
[SPX] [T0] Parsing command: <BUY 0 GPU 10 500>
[SPX]	--ORDERBOOK--
[SPX]	Product: GPU; Buy levels: 1; Sell levels: 0
[SPX]		BUY 10 @ $500 (1 order)
[SPX]	Product: Router; Buy levels: 0; Sell levels: 0
[SPX]	--POSITIONS--
[SPX]	Trader 0: GPU 0 ($0), Router 0 ($0)
[SPX]	Trader 1: GPU 0 ($0), Router 0 ($0)
[SPX] [T0] Parsing command: <BUY 1 Computer 10 500>
[SPX] [T0] Parsing command: <BUY 1 Router 5 250>
[SPX]	--ORDERBOOK--
[SPX]	Product: GPU; Buy levels: 1; Sell levels: 0
[SPX]		BUY 10 @ $500 (1 order)
[SPX]	Product: Router; Buy levels: 1; Sell levels: 0
[SPX]		BUY 5 @ $250 (1 order)
[SPX]	--POSITIONS--
[SPX]	Trader 0: GPU 0 ($0), Router 0 ($0)
[SPX]	Trader 1: GPU 0 ($0), Router 0 ($0)
[SPX] [T0] Parsing command: <SELL 2 Wifi 10 500>
[SPX] [T1] Parsing command: <SELL 0 GPU 15 550>
[SPX]	--ORDERBOOK--
[SPX]	Product: GPU; Buy levels: 1; Sell levels: 1
[SPX]		SELL 15 @ $550 (1 order)
[SPX]		BUY 10 @ $500 (1 order)
[SPX]	Product: Router; Buy levels: 1; Sell levels: 0
[SPX]		BUY 5 @ $250 (1 order)
[SPX]	--POSITIONS--
[SPX]	Trader 0: GPU 0 ($0), Router 0 ($0)
[SPX]	Trader 1: GPU 0 ($0), Router 0 ($0)
[SPX] Trader 0 disconnected
[SPX] Trader 1 disconnected
[SPX] Trading completed
[SPX] Exchange fees collected: $0
